// Jest Snapshot v1, https://goo.gl/fbAQLP

exports[`snapshot testing 1`] = `
Object {
  "asFragment": [Function],
  "baseElement": <body>
    <div>
      <div
        class="App"
      >
        <h1>
          123456 First React Test case 
        </h1>
        <input
          id="user-id"
          name="user-name"
          placeholder="user name"
          type="text"
        />
        <img
          alt="img"
          src="https://cdn.pixabay.com/photo/2015/12/01/20/28/road-1072821_640.jpg"
          title="nature-img"
        />
        <h1>
           Testing onChange Event with Input Text
        </h1>
        <button>
          Update data
        </button>
        <h1>
          jest testing
        </h1>
        <h2>
          hello testing
        </h2>
        <h1 />
      </div>
    </div>
  </body>,
  "container": <div>
    <div
      class="App"
    >
      <h1>
        123456 First React Test case 
      </h1>
      <input
        id="user-id"
        name="user-name"
        placeholder="user name"
        type="text"
      />
      <img
        alt="img"
        src="https://cdn.pixabay.com/photo/2015/12/01/20/28/road-1072821_640.jpg"
        title="nature-img"
      />
      <h1>
         Testing onChange Event with Input Text
      </h1>
      <button>
        Update data
      </button>
      <h1>
        jest testing
      </h1>
      <h2>
        hello testing
      </h2>
      <h1 />
    </div>
  </div>,
  "debug": [Function],
  "findAllByAltText": [Function],
  "findAllByDisplayValue": [Function],
  "findAllByLabelText": [Function],
  "findAllByPlaceholderText": [Function],
  "findAllByRole": [Function],
  "findAllByTestId": [Function],
  "findAllByText": [Function],
  "findAllByTitle": [Function],
  "findByAltText": [Function],
  "findByDisplayValue": [Function],
  "findByLabelText": [Function],
  "findByPlaceholderText": [Function],
  "findByRole": [Function],
  "findByTestId": [Function],
  "findByText": [Function],
  "findByTitle": [Function],
  "getAllByAltText": [Function],
  "getAllByDisplayValue": [Function],
  "getAllByLabelText": [Function],
  "getAllByPlaceholderText": [Function],
  "getAllByRole": [Function],
  "getAllByTestId": [Function],
  "getAllByText": [Function],
  "getAllByTitle": [Function],
  "getByAltText": [Function],
  "getByDisplayValue": [Function],
  "getByLabelText": [Function],
  "getByPlaceholderText": [Function],
  "getByRole": [Function],
  "getByTestId": [Function],
  "getByText": [Function],
  "getByTitle": [Function],
  "queryAllByAltText": [Function],
  "queryAllByDisplayValue": [Function],
  "queryAllByLabelText": [Function],
  "queryAllByPlaceholderText": [Function],
  "queryAllByRole": [Function],
  "queryAllByTestId": [Function],
  "queryAllByText": [Function],
  "queryAllByTitle": [Function],
  "queryByAltText": [Function],
  "queryByDisplayValue": [Function],
  "queryByLabelText": [Function],
  "queryByPlaceholderText": [Function],
  "queryByRole": [Function],
  "queryByTestId": [Function],
  "queryByText": [Function],
  "queryByTitle": [Function],
  "rerender": [Function],
  "unmount": [Function],
}
`;
